Last login: Sat Dec 15 01:26:11 on console
 ✝  ~  docker images          
REPOSITORY          TAG                 IMAGE ID            CREATED             SIZE
node/celuv          1.1                 41546c7fadc6        9 hours ago         935MB
coworker/jenkins    latest              075942aab94d        4 days ago          701MB
node                8                   3b7ecd51ffe5        10 days ago         889MB
 ✝  ~  docker ps    
CONTAINER ID        IMAGE               COMMAND             CREATED             STATUS              PORTS               NAMES
 ✝  ~  docker image prune -a
WARNING! This will remove all images without at least one container associated to them.
Are you sure you want to continue? [y/N] y
Deleted Images:
untagged: coworker/jenkins:latest
untagged: coworker/jenkins@sha256:529ab9cbae66a66a4378f51424f01addd70799126426f4cb2130662f363fc3cb
deleted: sha256:075942aab94d9a4b2f2cf3a9b6242db579f10e6d2f48d1c758f69be3770d7e7c
deleted: sha256:50a9c968d6c9d0788199c36e3394f729472dc09ede7be2496bb412df307e70fe
deleted: sha256:d1db57e31143db487266e7073b525550c1800a312a278060447765b616f98340
deleted: sha256:bff15653cb86a4c98490ff4abfc455ddf86dfac87f4441ce85e38ebccdb3f548
deleted: sha256:0070ad368415945ffbd3858cdeab68d239597415b0afbe6928cf73f7bbc61e58
deleted: sha256:78233f404d0a055e7b40eff076842fa71354c4b5faf37174030f50dbaa226337
deleted: sha256:1f981ee791cb8941ab7f87c5739e0741f25625bc8d6cfce808ca0abe5161acf0
deleted: sha256:e1f948e541885e92faea20ccbcaaff2ea456b95509e6c94ca8680d6643cdafa4
deleted: sha256:d3ac0dcbd509f94e7ccfbec18b6ef841e0cf00a459cf6d7acd318b05351ba451
deleted: sha256:ef9314fc35987b8c40a6219f8d57ffceb22d5d5826a0842f4239058d649bec97
deleted: sha256:683e36ebc65fa041442b7c0b439191b4c4d683741f6a1f1b767233e5272fa51a
deleted: sha256:80b926caf9f3e86b4c7d8d04e4bb2add830fa1df625ae35ff51d89c63f1d9182
deleted: sha256:fba64cee976df5649ab85239ffd8b3f87c826732f749fac613b97709a9135d9a
deleted: sha256:bde7964c4ab96bd42c3c3453a64333850eb1a5a4110bdd2547f73893de4183f0
deleted: sha256:a747e00a55d174e6f3982d2016d3652ac6aad84b384daebe6a1de6a210b07068
deleted: sha256:b588915735c3741d9b4ba872da9d723f39848f741da05fbd98b586150512390a
deleted: sha256:53b48cc11507fd22fe4a62cb4f1163c39ccd95e7db7e4c69642faed93fa3d4a9
deleted: sha256:16170881aea6481ca29b17e8e02d466ead254af431a5a20f4c800d772177c990
untagged: node:8
untagged: node@sha256:dd2381fe1f68df03a058094097886cd96b24a47724ff5a588b90921f13e875b7

Total reclaimed space: 428MB
 ✝  ~  docker pull coworker/jenkins
Using default tag: latest
latest: Pulling from coworker/jenkins
54f7e8ac135a: Already exists 
d6341e30912f: Already exists 
087a57faf949: Already exists 
5d71636fb824: Already exists 
9da6b28682cf: Pull complete 
203f1094a1e2: Pull complete 
ee38d9f85cf6: Pull complete 
7f692fae02b6: Pull complete 
eaa976dc543c: Pull complete 
d40796aa39ec: Pull complete 
0e554e376fdf: Pull complete 
e562f8e9a868: Pull complete 
0d9fac4ea71e: Pull complete 
e9cfae84e506: Pull complete 
42de424d8dc8: Pull complete 
39f68acf64bf: Pull complete 
bfbb6be28ba1: Pull complete 
ddff568736e6: Pull complete 
20db1c325fa3: Pull complete 
9b0189980ade: Pull complete 
d4d5418bc1f0: Pull complete 
Digest: sha256:529ab9cbae66a66a4378f51424f01addd70799126426f4cb2130662f363fc3cb
Status: Downloaded newer image for coworker/jenkins:latest
 ✝  ~  docker images               
REPOSITORY          TAG                 IMAGE ID            CREATED             SIZE
node/celuv          1.1                 41546c7fadc6        9 hours ago         935MB
coworker/jenkins    latest              075942aab94d        4 days ago          701MB
 ✝  ~  docker rmi 41546c7fadc6
Error response from daemon: conflict: unable to delete 41546c7fadc6 (must be forced) - image is being used by stopped container a5284a006fa9
 ✘ ✝  ~  docker image prune -a       
WARNING! This will remove all images without at least one container associated to them.
Are you sure you want to continue? [y/N] y
Deleted Images:
untagged: coworker/jenkins:latest
untagged: coworker/jenkins@sha256:529ab9cbae66a66a4378f51424f01addd70799126426f4cb2130662f363fc3cb
deleted: sha256:075942aab94d9a4b2f2cf3a9b6242db579f10e6d2f48d1c758f69be3770d7e7c
deleted: sha256:50a9c968d6c9d0788199c36e3394f729472dc09ede7be2496bb412df307e70fe
deleted: sha256:d1db57e31143db487266e7073b525550c1800a312a278060447765b616f98340
deleted: sha256:bff15653cb86a4c98490ff4abfc455ddf86dfac87f4441ce85e38ebccdb3f548
deleted: sha256:0070ad368415945ffbd3858cdeab68d239597415b0afbe6928cf73f7bbc61e58
deleted: sha256:78233f404d0a055e7b40eff076842fa71354c4b5faf37174030f50dbaa226337
deleted: sha256:1f981ee791cb8941ab7f87c5739e0741f25625bc8d6cfce808ca0abe5161acf0
deleted: sha256:e1f948e541885e92faea20ccbcaaff2ea456b95509e6c94ca8680d6643cdafa4
deleted: sha256:d3ac0dcbd509f94e7ccfbec18b6ef841e0cf00a459cf6d7acd318b05351ba451
deleted: sha256:ef9314fc35987b8c40a6219f8d57ffceb22d5d5826a0842f4239058d649bec97
deleted: sha256:683e36ebc65fa041442b7c0b439191b4c4d683741f6a1f1b767233e5272fa51a
deleted: sha256:80b926caf9f3e86b4c7d8d04e4bb2add830fa1df625ae35ff51d89c63f1d9182
deleted: sha256:fba64cee976df5649ab85239ffd8b3f87c826732f749fac613b97709a9135d9a
deleted: sha256:bde7964c4ab96bd42c3c3453a64333850eb1a5a4110bdd2547f73893de4183f0
deleted: sha256:a747e00a55d174e6f3982d2016d3652ac6aad84b384daebe6a1de6a210b07068
deleted: sha256:b588915735c3741d9b4ba872da9d723f39848f741da05fbd98b586150512390a
deleted: sha256:53b48cc11507fd22fe4a62cb4f1163c39ccd95e7db7e4c69642faed93fa3d4a9
deleted: sha256:16170881aea6481ca29b17e8e02d466ead254af431a5a20f4c800d772177c990

Total reclaimed space: 428MB
 ✝  ~  docker images        
REPOSITORY          TAG                 IMAGE ID            CREATED             SIZE
node/celuv          1.1                 41546c7fadc6        9 hours ago         935MB
 ✝  ~  docker rmi -f 41546c7fadc6
Untagged: node/celuv:1.1
Deleted: sha256:41546c7fadc6ddce88cdc0297f164b09e46a6a6c49a823bd18bb6445c645286e
Deleted: sha256:580a3fa2741df16f8beddf8b4b3b0f9a48471b5ac3b3490e21ff977a73914e11
Deleted: sha256:0805aa64031c07a8123ed33f96cc5821320178068e3b478d38fb97b2f2b69eb1
Deleted: sha256:2bf29dd7ce1fb8d472a46961f8ae43c296ec8769da0cb8c167bc916a25461970
Deleted: sha256:01f2ef6ce6a2a61e8c9bc03ae7efd0b7c9226b5488505c5d6e2ffaa708544073
Deleted: sha256:2beafc579c4f31c9bd4c9f22afac55b6eadd0046671eb109e2e1a85944298517
Deleted: sha256:86a3e67cb51d671cdae23780639e94a3e19f5d446c56e5199de24764248e12da
Deleted: sha256:3b7ecd51ffe5f735a3b2189bdb22098702b0b68e8e8ccb9a66577ed9ab651fef
 ✝  ~  docker images             
REPOSITORY          TAG                 IMAGE ID            CREATED             SIZE
 ✝  ~  docker pull coworker/jenkins
Using default tag: latest
latest: Pulling from coworker/jenkins
54f7e8ac135a: Already exists 
d6341e30912f: Already exists 
087a57faf949: Already exists 
5d71636fb824: Already exists 
9da6b28682cf: Pull complete 
203f1094a1e2: Pull complete 
ee38d9f85cf6: Pull complete 
7f692fae02b6: Pull complete 
eaa976dc543c: Pull complete 
d40796aa39ec: Pull complete 
0e554e376fdf: Pull complete 
e562f8e9a868: Pull complete 
0d9fac4ea71e: Pull complete 
e9cfae84e506: Pull complete 
42de424d8dc8: Pull complete 
39f68acf64bf: Pull complete 
bfbb6be28ba1: Pull complete 
ddff568736e6: Pull complete 
20db1c325fa3: Pull complete 
9b0189980ade: Pull complete 
d4d5418bc1f0: Pull complete 
Digest: sha256:529ab9cbae66a66a4378f51424f01addd70799126426f4cb2130662f363fc3cb
Status: Downloaded newer image for coworker/jenkins:latest
 ✝  ~  docker images               
REPOSITORY          TAG                 IMAGE ID            CREATED             SIZE
coworker/jenkins    latest              075942aab94d        4 days ago          701MB
 ✝  ~  docker run -p 3000:3000  coworker/celuv                                             
 ✘ ✝  ~  docker ps                   
CONTAINER ID        IMAGE                     COMMAND                  CREATED             STATUS              PORTS                                               NAMES
fdf1e0af8390        coworker/jenkins:latest   "/sbin/tini -- /usr/…"   43 seconds ago      Up 42 seconds       0.0.0.0:32769->8080/tcp, 0.0.0.0:32768->50000/tcp   jenkins
 ✝  ~  docker exec -it jenkins /bin/bash
jenkins@fdf1e0af8390:/$ cat /var/jenkins_home/secrets/initialAdminPassword
2175d4d4316e4b21aca3c862dc96213f
jenkins@fdf1e0af8390:/$ vi /etc/sysconfig/network-scripts/ifcfg-eth0
bash: vi: command not found
jenkins@fdf1e0af8390:/$ 
jenkins@fdf1e0af8390:/$ vi /etc/sysconfig/network-scripts/ifcfg-eth0
bash: vi: command not found
jenkins@fdf1e0af8390:/$ 
jenkins@fdf1e0af8390:/$ exit
exit
 ✘ ✝  ~  ssh -i "/keys/docker.pem" docker@52.78.214.33   
 ✘ ✝  ~  ssh -i "/keys/cowork.pem" root@52.78.214.33   
Last login: Thu Dec 13 01:31:39 2018 from 61.39.132.158

       __|  __|_  )
       _|  (     /   Amazon Linux 2 AMI
      ___|\___|___|

https://aws.amazon.com/amazon-linux-2/
No packages needed for security; 3 packages available
Run "sudo yum update" to apply all updates.
[root@ip-172-31-24-159 ~]# docker

Usage:	docker COMMAND

A self-sufficient runtime for containers

Options:
      --config string      Location of client config files (default "/root/.docker")
  -D, --debug              Enable debug mode
      --help               Print usage
  -H, --host list          Daemon socket(s) to connect to (default [])
  -l, --log-level string   Set the logging level ("debug", "info", "warn", "error", "fatal") (default "info")
      --tls                Use TLS; implied by --tlsverify
      --tlscacert string   Trust certs signed only by this CA (default "/root/.docker/ca.pem")
      --tlscert string     Path to TLS certificate file (default "/root/.docker/cert.pem")
      --tlskey string      Path to TLS key file (default "/root/.docker/key.pem")
      --tlsverify          Use TLS and verify the remote
  -v, --version            Print version information and quit

Management Commands:
  container   Manage containers
  image       Manage images
  network     Manage networks
  node        Manage Swarm nodes
  plugin      Manage plugins
  secret      Manage Docker secrets
  service     Manage services
  stack       Manage Docker stacks
  swarm       Manage Swarm
  system      Manage Docker
  volume      Manage volumes

Commands:
  attach      Attach to a running container
  build       Build an image from a Dockerfile
  commit      Create a new image from a container's changes
  cp          Copy files/folders between a container and the local filesystem
  create      Create a new container
  diff        Inspect changes to files or directories on a container's filesystem
  events      Get real time events from the server
  exec        Run a command in a running container
  export      Export a container's filesystem as a tar archive
  history     Show the history of an image
  images      List images
  import      Import the contents from a tarball to create a filesystem image
  info        Display system-wide information
  inspect     Return low-level information on Docker objects
  kill        Kill one or more running containers
  load        Load an image from a tar archive or STDIN
  login       Log in to a Docker registry
  logout      Log out from a Docker registry
  logs        Fetch the logs of a container
  pause       Pause all processes within one or more containers
  port        List port mappings or a specific mapping for the container
  ps          List containers
  pull        Pull an image or a repository from a registry
  push        Push an image or a repository to a registry
  rename      Rename a container
  restart     Restart one or more containers
  rm          Remove one or more containers
  rmi         Remove one or more images
  run         Run a command in a new container
  save        Save one or more images to a tar archive (streamed to STDOUT by default)
  search      Search the Docker Hub for images
  start       Start one or more stopped containers
  stats       Display a live stream of container(s) resource usage statistics
  stop        Stop one or more running containers
  tag         Create a tag TARGET_IMAGE that refers to SOURCE_IMAGE
  top         Display the running processes of a container
  unpause     Unpause all processes within one or more containers
  update      Update configuration of one or more containers
  version     Show the Docker version information
  wait        Block until one or more containers stop, then print their exit codes

Run 'docker COMMAND --help' for more information on a command.
[root@ip-172-31-24-159 ~]# docker images
REPOSITORY          TAG                 IMAGE ID            CREATED             SIZE
coworker/celuv      latest              72e335cde987        39 hours ago        939 MB
coworker/celuv      <none>              ae50639f2582        46 hours ago        939 MB
[root@ip-172-31-24-159 ~]# docker image prun -a
unknown shorthand flag: 'a' in -a
See 'docker image --help'.

Usage:	docker image COMMAND

Manage images

Options:
      --help   Print usage

Commands:
  build       Build an image from a Dockerfile
  history     Show the history of an image
  import      Import the contents from a tarball to create a filesystem image
  inspect     Display detailed information on one or more images
  load        Load an image from a tar archive or STDIN
  ls          List images
  prune       Remove unused images
  pull        Pull an image or a repository from a registry
  push        Push an image or a repository to a registry
  rm          Remove one or more images
  save        Save one or more images to a tar archive (streamed to STDOUT by default)
  tag         Create a tag TARGET_IMAGE that refers to SOURCE_IMAGE

Run 'docker image COMMAND --help' for more information on a command.

[root@ip-172-31-24-159 ~]# dokcer ps
-bash: dokcer: command not found
[root@ip-172-31-24-159 ~]# docker ps
CONTAINER ID        IMAGE               COMMAND             CREATED             STATUS              PORTS               NAMES
[root@ip-172-31-24-159 ~]# docker image prune -a 
WARNING! This will remove all images without at least one container associated to them.
Are you sure you want to continue? [y/N] y
Total reclaimed space: 0 B
[root@ip-172-31-24-159 ~]# docker pull coworker/jenkins
Using default tag: latest
latest: Pulling from coworker/jenkins
54f7e8ac135a: Already exists 
d6341e30912f: Already exists 
087a57faf949: Already exists 
5d71636fb824: Already exists 
9da6b28682cf: Pull complete 
203f1094a1e2: Pull complete 
ee38d9f85cf6: Pull complete 
7f692fae02b6: Pull complete 
eaa976dc543c: Pull complete 
d40796aa39ec: Pull complete 
0e554e376fdf: Pull complete 
e562f8e9a868: Pull complete 
0d9fac4ea71e: Pull complete 
e9cfae84e506: Pull complete 
42de424d8dc8: Pull complete 
39f68acf64bf: Pull complete 
bfbb6be28ba1: Pull complete 
ddff568736e6: Pull complete 
20db1c325fa3: Pull complete 
9b0189980ade: Pull complete 
d4d5418bc1f0: Pull complete 
Digest: sha256:529ab9cbae66a66a4378f51424f01addd70799126426f4cb2130662f363fc3cb
Status: Downloaded newer image for coworker/jenkins:latest
[root@ip-172-31-24-159 ~]# docker images
REPOSITORY          TAG                 IMAGE ID            CREATED             SIZE
coworker/celuv      latest              72e335cde987        39 hours ago        939 MB
coworker/celuv      <none>              ae50639f2582        46 hours ago        939 MB
coworker/jenkins    latest              075942aab94d        4 days ago          701 MB
[root@ip-172-31-24-159 ~]# docker rmi 72e335cde987
Error response from daemon: conflict: unable to delete 72e335cde987 (must be forced) - image is being used by stopped container 522816d12280
[root@ip-172-31-24-159 ~]# 72e335cde987^C
[root@ip-172-31-24-159 ~]# docker rmi -f 72e335cde987
Untagged: coworker/celuv:latest
Untagged: coworker/celuv@sha256:5aedb91d56b17ef7fc1ed8d75d7725aae08afd4904c561bdd68a8de701265c23
Deleted: sha256:72e335cde98797ea10540b4c68fa0eef60b8ef76981c64abc29059fc21e9de15
[root@ip-172-31-24-159 ~]# docker rmi -f 72e335cde987ae50639f2582
Error response from daemon: No such image: 72e335cde987ae50639f2582:latest
[root@ip-172-31-24-159 ~]# docker rmi -f ae50639f2582
Untagged: coworker/celuv@sha256:23d6e7cef70553c50e20a46e68a34db758789bdef0b3215fa03ab5d96bf95a79
Deleted: sha256:ae50639f25825f0335ff900afd61c24c3d3b5feb1f4914fe8d2730f0104071fc
[root@ip-172-31-24-159 ~]# docker images
REPOSITORY          TAG                 IMAGE ID            CREATED             SIZE
coworker/jenkins    latest              075942aab94d        4 days ago          701 MB
[root@ip-172-31-24-159 ~]# docker run -d -p 8080:8080 -v /jenkins:/var/jenkins_home^C-name jenkins -u root jenkins
[root@ip-172-31-24-159 ~]# cd /var
[root@ip-172-31-24-159 var]# ll
합계 8
drwxr-xr-x  2 root root   19 11월 14 07:25 account
drwxr-xr-x  2 root root    6  7월 27 19:16 adm
drwxr-xr-x  6 root root   62 12월 10 15:51 cache
drwxr-xr-x  3 root root   18 11월 14 07:25 db
drwxr-xr-x  3 root root   18 11월 14 07:25 empty
drwxr-xr-x  2 root root    6  7월 27 19:16 games
drwxr-xr-x  2 root root    6  7월 27 19:16 gopher
drwxr-xr-x  3 root root   18 12월  4 19:13 kerberos
drwxr-xr-x 32 root root 4096 12월 10 15:51 lib
drwxr-xr-x  2 root root    6  7월 27 19:16 local
lrwxrwxrwx  1 root root   11 11월 14 07:24 lock -> ../run/lock
drwxr-xr-x  8 root root 4096 12월 14 03:07 log
lrwxrwxrwx  1 root root   10 11월 14 07:24 mail -> spool/mail
drwxr-xr-x  2 root root    6  7월 27 19:16 nis
drwxr-xr-x  2 root root    6  7월 27 19:16 opt
drwxr-xr-x  2 root root    6  7월 27 19:16 preserve
lrwxrwxrwx  1 root root    6 11월 14 07:23 run -> ../run
drwxr-xr-x  9 root root   97 11월 14 07:25 spool
drwxrwxrwt  6 root root  232 12월 12 17:40 tmp
drwxr-xr-x  2 root root    6 12월 13 01:33 www
drwxr-xr-x  2 root root    6  7월 27 19:16 yp
[root@ip-172-31-24-159 var]# docker run -d -p 8080:8080 -p 5000:5000 -v /jenkins:/var/jenkins_home --name jenkins -u root jenkins
Unable to find image 'jenkins:latest' locally
latest: Pulling from library/jenkins
55cbf04beb70: Pull complete 
1607093a898c: Pull complete 
9a8ea045c926: Pull complete 
d4eee24d4dac: Pull complete 
c58988e753d7: Pull complete 
794a04897db9: Pull complete 
70fcfa476f73: Pull complete 
0539c80a02be: Extracting [======================>                            ] 59.05 MB/133.9 MB
54fefc6dcf80: Download complete 
911bc90e47a8: Download complete 
38430d93efed: Download complete 
7e46ccda148a: Download complete 
c0cbcb5ac747: Waiting 
35ade7a86a8e: Waiting 
aa433a6a56b1: Waiting 
841c1dd38d62: Waiting 
b865dcb08714: Waiting 
5a3779030005: Waiting 
12b47c68955c: Waiting 
1322ea3e7bfd: Waiting 
^C
[root@ip-172-31-24-159 var]# docker images
REPOSITORY          TAG                 IMAGE ID            CREATED             SIZE
coworker/jenkins    latest              075942aab94d        4 days ago          701 MB
[root@ip-172-31-24-159 var]# docker run -d -p 8080:8080 -p 5000:5000 -v /jenkins:/var/jenkins_home --name jenkins -u root coworker/jenkins
5d74906426ba6b641994c7717863af4af8270f25dc1c98277167a76246ef5640
[root@ip-172-31-24-159 var]# docker ps
CONTAINER ID        IMAGE               COMMAND                  CREATED             STATUS              PORTS                                                       NAMES
5d74906426ba        coworker/jenkins    "/sbin/tini -- /us..."   7 seconds ago       Up 6 seconds        0.0.0.0:5000->5000/tcp, 0.0.0.0:8080->8080/tcp, 50000/tcp   jenkins
[root@ip-172-31-24-159 var]# ll
합계 8
drwxr-xr-x  2 root root   19 11월 14 07:25 account
drwxr-xr-x  2 root root    6  7월 27 19:16 adm
drwxr-xr-x  6 root root   62 12월 10 15:51 cache
drwxr-xr-x  3 root root   18 11월 14 07:25 db
drwxr-xr-x  3 root root   18 11월 14 07:25 empty
drwxr-xr-x  2 root root    6  7월 27 19:16 games
drwxr-xr-x  2 root root    6  7월 27 19:16 gopher
drwxr-xr-x  3 root root   18 12월  4 19:13 kerberos
drwxr-xr-x 32 root root 4096 12월 10 15:51 lib
drwxr-xr-x  2 root root    6  7월 27 19:16 local
lrwxrwxrwx  1 root root   11 11월 14 07:24 lock -> ../run/lock
drwxr-xr-x  8 root root 4096 12월 14 03:07 log
lrwxrwxrwx  1 root root   10 11월 14 07:24 mail -> spool/mail
drwxr-xr-x  2 root root    6  7월 27 19:16 nis
drwxr-xr-x  2 root root    6  7월 27 19:16 opt
drwxr-xr-x  2 root root    6  7월 27 19:16 preserve
lrwxrwxrwx  1 root root    6 11월 14 07:23 run -> ../run
drwxr-xr-x  9 root root   97 11월 14 07:25 spool
drwxrwxrwt  6 root root  232 12월 12 17:40 tmp
drwxr-xr-x  2 root root    6 12월 13 01:33 www
drwxr-xr-x  2 root root    6  7월 27 19:16 yp
[root@ip-172-31-24-159 var]# docker ps
CONTAINER ID        IMAGE               COMMAND                  CREATED             STATUS              PORTS                                                       NAMES
5d74906426ba        coworker/jenkins    "/sbin/tini -- /us..."   4 minutes ago       Up 4 minutes        0.0.0.0:5000->5000/tcp, 0.0.0.0:8080->8080/tcp, 50000/tcp   jenkins
[root@ip-172-31-24-159 var]# docker stop jenkins
jenkins
[root@ip-172-31-24-159 var]# mkdir jenkins
[root@ip-172-31-24-159 var]# ll
합계 8
drwxr-xr-x  2 root root   19 11월 14 07:25 account
drwxr-xr-x  2 root root    6  7월 27 19:16 adm
drwxr-xr-x  6 root root   62 12월 10 15:51 cache
drwxr-xr-x  3 root root   18 11월 14 07:25 db
drwxr-xr-x  3 root root   18 11월 14 07:25 empty
drwxr-xr-x  2 root root    6  7월 27 19:16 games
drwxr-xr-x  2 root root    6  7월 27 19:16 gopher
drwxr-xr-x  2 root root    6 12월 14 17:00 jenkins
drwxr-xr-x  3 root root   18 12월  4 19:13 kerberos
drwxr-xr-x 32 root root 4096 12월 10 15:51 lib
drwxr-xr-x  2 root root    6  7월 27 19:16 local
lrwxrwxrwx  1 root root   11 11월 14 07:24 lock -> ../run/lock
drwxr-xr-x  8 root root 4096 12월 14 03:07 log
lrwxrwxrwx  1 root root   10 11월 14 07:24 mail -> spool/mail
drwxr-xr-x  2 root root    6  7월 27 19:16 nis
drwxr-xr-x  2 root root    6  7월 27 19:16 opt
drwxr-xr-x  2 root root    6  7월 27 19:16 preserve
lrwxrwxrwx  1 root root    6 11월 14 07:23 run -> ../run
drwxr-xr-x  9 root root   97 11월 14 07:25 spool
drwxrwxrwt  6 root root  232 12월 12 17:40 tmp
drwxr-xr-x  2 root root    6 12월 13 01:33 www
drwxr-xr-x  2 root root    6  7월 27 19:16 yp
[root@ip-172-31-24-159 var]# docker run -d -p 8080:8080 -p 5000:5000 -v /var/jenkins:/var/jenkins_home --name jenkins -u root coworker/jenkins
docker: Error response from daemon: Conflict. The container name "/jenkins" is already in use by container 5d74906426ba6b641994c7717863af4af8270f25dc1c98277167a76246ef5640. You have to remove (or rename) that container to be able to reuse that name..
See 'docker run --help'.
[root@ip-172-31-24-159 var]# docker ps
CONTAINER ID        IMAGE               COMMAND             CREATED             STATUS              PORTS               NAMES
[root@ip-172-31-24-159 var]# docker ps -a
CONTAINER ID        IMAGE               COMMAND                  CREATED             STATUS                       PORTS               NAMES
5d74906426ba        coworker/jenkins    "/sbin/tini -- /us..."   7 minutes ago       Exited (143) 2 minutes ago                       jenkins
522816d12280        72e335cde987        "npm start"              39 hours ago        Exited (0) 39 hours ago                          relaxed_ramanujan
f3f9cfc0f77a        ae50639f2582        "npm start"              39 hours ago        Exited (0) 39 hours ago                          nervous_sammet
a9d1e37dc033        ae50639f2582        "npm start"              39 hours ago        Exited (0) 39 hours ago                          jolly_clarke
[root@ip-172-31-24-159 var]# docker rm $(docker ps -a -q)
5d74906426ba
522816d12280
f3f9cfc0f77a
a9d1e37dc033
[root@ip-172-31-24-159 var]# docker ps -a
CONTAINER ID        IMAGE               COMMAND             CREATED             STATUS              PORTS               NAMES
[root@ip-172-31-24-159 var]# docker run -d -p 8080:8080 -p 5000:5000 -v /var/jenkins:/var/jenkins_home --name jenkins -u root coworker/jenkins
20e105b35b51150cc504c86b8df22c113488a28b42fdfe30a8805213aaaa813d
[root@ip-172-31-24-159 var]# dokcer ps
-bash: dokcer: command not found
[root@ip-172-31-24-159 var]# docker ps
CONTAINER ID        IMAGE               COMMAND                  CREATED             STATUS              PORTS                                                       NAMES
20e105b35b51        coworker/jenkins    "/sbin/tini -- /us..."   9 seconds ago       Up 8 seconds        0.0.0.0:5000->5000/tcp, 0.0.0.0:8080->8080/tcp, 50000/tcp   jenkins
[root@ip-172-31-24-159 var]# dokcer stop ^C
[root@ip-172-31-24-159 var]# vi /etc/nginx/nginx.conf
[root@ip-172-31-24-159 var]# docker stop jenkin
Error response from daemon: No such container: jenkin
[root@ip-172-31-24-159 var]# docker stop jenkins
jenkins
[root@ip-172-31-24-159 var]# dokcer rm jenkins
-bash: dokcer: command not found
[root@ip-172-31-24-159 var]# docker rm jenkins
jenkins
[root@ip-172-31-24-159 var]# docker run -d -p 1004:8080 -p 5000:5000 -v /var/jenkins:/var/jenkins_home --name jenkins -u root coworker/jenkins
0729fa4571f18078be8f96ddc9605659b7ddc310d676fe34f712f9b92454c359
[root@ip-172-31-24-159 var]# cat /var/jenkins_home/secrets/initialAdminPassword
cat: /var/jenkins_home/secrets/initialAdminPassword: No such file or directory
[root@ip-172-31-24-159 var]# 
[root@ip-172-31-24-159 var]# cat /var/jenkins_home/secrets/initialAdminPassword
cat: /var/jenkins_home/secrets/initialAdminPassword: No such file or directory
[root@ip-172-31-24-159 var]# cat /var/jenkins_home/secrets/initialAdminPassword
cat: /var/jenkins_home/secrets/initialAdminPassword: No such file or directory
[root@ip-172-31-24-159 var]# cd ..
[root@ip-172-31-24-159 /]# cd /var
[root@ip-172-31-24-159 var]# ll
합계 12
drwxr-xr-x  2 root root   19 11월 14 07:25 account
drwxr-xr-x  2 root root    6  7월 27 19:16 adm
drwxr-xr-x  6 root root   62 12월 10 15:51 cache
drwxr-xr-x  3 root root   18 11월 14 07:25 db
drwxr-xr-x  3 root root   18 11월 14 07:25 empty
drwxr-xr-x  2 root root    6  7월 27 19:16 games
drwxr-xr-x  2 root root    6  7월 27 19:16 gopher
drwxr-xr-x 13 root root 4096 12월 14 17:10 jenkins
drwxr-xr-x  3 root root   18 12월  4 19:13 kerberos
drwxr-xr-x 32 root root 4096 12월 10 15:51 lib
drwxr-xr-x  2 root root    6  7월 27 19:16 local
lrwxrwxrwx  1 root root   11 11월 14 07:24 lock -> ../run/lock
drwxr-xr-x  8 root root 4096 12월 14 03:07 log
lrwxrwxrwx  1 root root   10 11월 14 07:24 mail -> spool/mail
drwxr-xr-x  2 root root    6  7월 27 19:16 nis
drwxr-xr-x  2 root root    6  7월 27 19:16 opt
drwxr-xr-x  2 root root    6  7월 27 19:16 preserve
lrwxrwxrwx  1 root root    6 11월 14 07:23 run -> ../run
drwxr-xr-x  9 root root   97 11월 14 07:25 spool
drwxrwxrwt  6 root root  232 12월 12 17:40 tmp
drwxr-xr-x  2 root root    6 12월 13 01:33 www
drwxr-xr-x  2 root root    6  7월 27 19:16 yp
[root@ip-172-31-24-159 var]# docker exec -it jenkins
"docker exec" requires at least 2 argument(s).
See 'docker exec --help'.

Usage:  docker exec [OPTIONS] CONTAINER COMMAND [ARG...]

Run a command in a running container
[root@ip-172-31-24-159 var]# docker exec -it jenkins /bin/bash
root@0729fa4571f1:/# cat /var/jenkins_home/secrets/initialAdminPassword
711885b3b11e4cd8ad1d74c7d361d79b
root@0729fa4571f1:/# 
root@0729fa4571f1:/# exit
exit
[root@ip-172-31-24-159 var]# docker ps
CONTAINER ID        IMAGE               COMMAND                  CREATED             STATUS              PORTS                                                       NAMES
0729fa4571f1        coworker/jenkins    "/sbin/tini -- /us..."   11 minutes ago      Up 11 minutes       0.0.0.0:5000->5000/tcp, 50000/tcp, 0.0.0.0:1004->8080/tcp   jenkins
[root@ip-172-31-24-159 var]# docker stop jenkins
jenkins
[root@ip-172-31-24-159 var]# docker start jenkins
jenkins
[root@ip-172-31-24-159 var]# dokcer ps
-bash: dokcer: command not found
[root@ip-172-31-24-159 var]# docker ps
CONTAINER ID        IMAGE               COMMAND                  CREATED             STATUS              PORTS                                                       NAMES
0729fa4571f1        coworker/jenkins    "/sbin/tini -- /us..."   15 minutes ago      Up 20 seconds       0.0.0.0:5000->5000/tcp, 50000/tcp, 0.0.0.0:1004->8080/tcp   jenkins
[root@ip-172-31-24-159 var]# docker stop jenkins
jenkins
[root@ip-172-31-24-159 var]# docker rm jenkins
jenkins
[root@ip-172-31-24-159 var]# docker run -d -p 1004:8080 -p 5000:5000 -v /var/jenkins:/var/jenkins_home --name jenkins -u root coworker/jenkins
727168c68c44c03e646c6388428a8d433510e235bcbe0939f6d3ec7770ef090f
[root@ip-172-31-24-159 var]# docker ps
CONTAINER ID        IMAGE               COMMAND                  CREATED             STATUS              PORTS                                                       NAMES
727168c68c44        coworker/jenkins    "/sbin/tini -- /us..."   7 seconds ago       Up 6 seconds        0.0.0.0:5000->5000/tcp, 50000/tcp, 0.0.0.0:1004->8080/tcp   jenkins
[root@ip-172-31-24-159 var]# yum
Loaded plugins: extras_suggestions, langpacks, priorities, update-motd
You need to give some command
Usage: yum [options] COMMAND

List of Commands:

check          Check for problems in the rpmdb
check-update   Check for available package updates
clean          Remove cached data
deplist        List a package's dependencies
distribution-synchronization Synchronize installed packages to the latest available versions
downgrade      downgrade a package
erase          Remove a package or packages from your system
fs             Acts on the filesystem data of the host, mainly for removing docs/lanuages for minimal hosts.
fssnapshot     Creates filesystem snapshots, or lists/deletes current snapshots.
groups         Display, or use, the groups information
help           Display a helpful usage message
history        Display, or use, the transaction history
info           Display details about a package or group of packages
install        Install a package or packages on your system
langavailable  Check available languages
langinfo       List languages information
langinstall    Install appropriate language packs for a language
langlist       List installed languages
langremove     Remove installed language packs for a language
list           List a package or groups of packages
load-transaction load a saved transaction from filename
makecache      Generate the metadata cache
provides       Find what package provides the given value
reinstall      reinstall a package
repo-pkgs      Treat a repo. as a group of packages, so we can install/remove all of them
repolist       Display the configured software repositories
search         Search package details for the given string
shell          Run an interactive yum shell
swap           Simple way to swap packages, instead of using shell
update         Update a package or packages on your system
update-minimal Works like upgrade, but goes to the 'newest' package match which fixes a problem that affects your system
updateinfo     Acts on repository update information
upgrade        Update packages taking obsoletes into account
version        Display a version for the machine and/or available repos.


Options:
  -h, --help            show this help message and exit
  -t, --tolerant        be tolerant of errors
  -C, --cacheonly       run entirely from system cache, don't update cache
  -c [config file], --config=[config file]
                        config file location
  -R [minutes], --randomwait=[minutes]
                        maximum command wait time
  -d [debug level], --debuglevel=[debug level]
                        debugging output level
  --showduplicates      show duplicates, in repos, in list/search commands
  -e [error level], --errorlevel=[error level]
                        error output level
  --rpmverbosity=[debug level name]
                        debugging output level for rpm
  -q, --quiet           quiet operation
  -v, --verbose         verbose operation
  -y, --assumeyes       answer yes for all questions
  --assumeno            answer no for all questions
  --version             show Yum version and exit
  --installroot=[path]  set install root
  --enablerepo=[repo]   enable one or more repositories (wildcards allowed)
  --disablerepo=[repo]  disable one or more repositories (wildcards allowed)
  -x [package], --exclude=[package]
                        exclude package(s) by name or glob
  --disableexcludes=[repo]
                        disable exclude from main, for a repo or for
                        everything
  --disableincludes=[repo]
                        disable includepkgs for a repo or for everything
  --obsoletes           enable obsoletes processing during updates
  --noplugins           disable Yum plugins
  --nogpgcheck          disable gpg signature checking
  --disableplugin=[plugin]
                        disable plugins by name
  --enableplugin=[plugin]
                        enable plugins by name
  --skip-broken         skip packages with depsolving problems
  --color=COLOR         control whether color is used
  --releasever=RELEASEVER
                        set value of $releasever in yum config and repo files
  --downloadonly        don't update, just download
  --downloaddir=DLDIR   specifies an alternate directory to store packages
  --setopt=SETOPTS      set arbitrary config and repo options
  --bugfix              Include bugfix relevant packages, in updates
  --security            Include security relevant packages, in updates
  --advisory=ADVS, --advisories=ADVS
                        Include packages needed to fix the given advisory, in
                        updates
  --bzs=BZS             Include packages needed to fix the given BZ, in
                        updates
  --cves=CVES           Include packages needed to fix the given CVE, in
                        updates
  --sec-severity=SEVS, --secseverity=SEVS
                        Include security relevant packages matching the
                        severity, in updates

  Plugin Options:
    --samearch-priorities
                        Priority-exclude packages based on name + arch
[root@ip-172-31-24-159 var]# docker exec -it jenkins /bin/bash
root@727168c68c44:/# yum
bash: yum: command not found
root@727168c68c44:/# apt-get
apt 1.4.8 (amd64)
Usage: apt-get [options] command
       apt-get [options] install|remove pkg1 [pkg2 ...]
       apt-get [options] source pkg1 [pkg2 ...]

apt-get is a command line interface for retrieval of packages
and information about them from authenticated sources and
for installation, upgrade and removal of packages together
with their dependencies.

Most used commands:
  update - Retrieve new lists of packages
  upgrade - Perform an upgrade
  install - Install new packages (pkg is libc6 not libc6.deb)
  remove - Remove packages
  purge - Remove packages and config files
  autoremove - Remove automatically all unused packages
  dist-upgrade - Distribution upgrade, see apt-get(8)
  dselect-upgrade - Follow dselect selections
  build-dep - Configure build-dependencies for source packages
  clean - Erase downloaded archive files
  autoclean - Erase old downloaded archive files
  check - Verify that there are no broken dependencies
  source - Download source archives
  download - Download the binary package into the current directory
  changelog - Download and display the changelog for the given package

See apt-get(8) for more information about the available commands.
Configuration options and syntax is detailed in apt.conf(5).
Information about how to configure sources can be found in sources.list(5).
Package and version choices can be expressed via apt_preferences(5).
Security details are available in apt-secure(8).
                                        This APT has Super Cow Powers.
root@727168c68c44:/# apt-get docker
E: Invalid operation docker
root@727168c68c44:/# RUN apt-get update && apt-get install -y
bash: RUN: command not found
root@727168c68c44:/# apt-get update && apt-get install -y
Get:1 http://security.debian.org/debian-security stretch/updates InRelease [94.3 kB]
Ign:2 http://deb.debian.org/debian stretch InRelease      
Get:3 http://deb.debian.org/debian stretch-updates InRelease [91.0 kB]
Get:4 http://security.debian.org/debian-security stretch/updates/main amd64 Packages [461 kB]
Get:5 http://deb.debian.org/debian stretch Release [118 kB]                       
Get:6 http://deb.debian.org/debian stretch-updates/main amd64 Packages [5152 B]
Get:7 http://deb.debian.org/debian stretch Release.gpg [2434 B]
Get:8 http://deb.debian.org/debian stretch/main amd64 Packages [7089 kB]
Fetched 7861 kB in 4s (1613 kB/s)   
Reading package lists... Done
Reading package lists... Done
Building dependency tree       
Reading state information... Done
0 upgraded, 0 newly installed, 0 to remove and 7 not upgraded.
root@727168c68c44:/# exit
exit
[root@ip-172-31-24-159 var]# vi /etc/nginx/nginx.conf
[root@ip-172-31-24-159 var]# vi /etc/nginx/nginx.conf

    include /etc/nginx/conf.d/*.conf;

    server {
        listen       80 default_server;
        listen       [::]:80 default_server;
        server_name  _;
        root         /usr/share/nginx/html;

        # Load configuration files for the default server block.
        include /etc/nginx/default.d/*.conf;

        location / {
                proxy_set_header X-Real-IP $remote_addr;
                proxy_set_header X-Forwarded-For $proxy_add_x_forwarded_for;
                proxy_set_header Host $http_host;
                proxy_set_header X-NginX-Proxy true;
                proxy_pass http://127.0.0.1:8080;
                proxy_redirect off;
        }

        error_page 404 /404.html;
            location = /40x.html {
        }

